Archive member included to satisfy reference by file (symbol)

/opt/homebrew/Cellar/arm-none-eabi-gcc/10.3-2021.07/gcc/bin/../lib/gcc/arm-none-eabi/10.3.1/../../../../arm-none-eabi/lib/thumb/v6-m/nofp/libc.a(lib_a-exit.o)
                              /opt/homebrew/Cellar/arm-none-eabi-gcc/10.3-2021.07/gcc/bin/../lib/gcc/arm-none-eabi/10.3.1/../../../../arm-none-eabi/lib/thumb/v6-m/nofp/crt0.o (exit)
/opt/homebrew/Cellar/arm-none-eabi-gcc/10.3-2021.07/gcc/bin/../lib/gcc/arm-none-eabi/10.3.1/../../../../arm-none-eabi/lib/thumb/v6-m/nofp/libc.a(lib_a-impure.o)
                              /opt/homebrew/Cellar/arm-none-eabi-gcc/10.3-2021.07/gcc/bin/../lib/gcc/arm-none-eabi/10.3.1/../../../../arm-none-eabi/lib/thumb/v6-m/nofp/libc.a(lib_a-exit.o) (_global_impure_ptr)
/opt/homebrew/Cellar/arm-none-eabi-gcc/10.3-2021.07/gcc/bin/../lib/gcc/arm-none-eabi/10.3.1/../../../../arm-none-eabi/lib/thumb/v6-m/nofp/libc.a(lib_a-init.o)
                              /opt/homebrew/Cellar/arm-none-eabi-gcc/10.3-2021.07/gcc/bin/../lib/gcc/arm-none-eabi/10.3.1/../../../../arm-none-eabi/lib/thumb/v6-m/nofp/crt0.o (__libc_init_array)
/opt/homebrew/Cellar/arm-none-eabi-gcc/10.3-2021.07/gcc/bin/../lib/gcc/arm-none-eabi/10.3.1/../../../../arm-none-eabi/lib/thumb/v6-m/nofp/libc.a(lib_a-memset.o)
                              /opt/homebrew/Cellar/arm-none-eabi-gcc/10.3-2021.07/gcc/bin/../lib/gcc/arm-none-eabi/10.3.1/../../../../arm-none-eabi/lib/thumb/v6-m/nofp/crt0.o (memset)
/opt/homebrew/Cellar/arm-none-eabi-gcc/10.3-2021.07/gcc/bin/../lib/gcc/arm-none-eabi/10.3.1/../../../../arm-none-eabi/lib/thumb/v6-m/nofp/libc.a(lib_a-__call_atexit.o)
                              /opt/homebrew/Cellar/arm-none-eabi-gcc/10.3-2021.07/gcc/bin/../lib/gcc/arm-none-eabi/10.3.1/../../../../arm-none-eabi/lib/thumb/v6-m/nofp/libc.a(lib_a-exit.o) (__call_exitprocs)
/opt/homebrew/Cellar/arm-none-eabi-gcc/10.3-2021.07/gcc/bin/../lib/gcc/arm-none-eabi/10.3.1/../../../../arm-none-eabi/lib/thumb/v6-m/nofp/libc.a(lib_a-atexit.o)
                              /opt/homebrew/Cellar/arm-none-eabi-gcc/10.3-2021.07/gcc/bin/../lib/gcc/arm-none-eabi/10.3.1/../../../../arm-none-eabi/lib/thumb/v6-m/nofp/libc.a(lib_a-__call_atexit.o) (atexit)
/opt/homebrew/Cellar/arm-none-eabi-gcc/10.3-2021.07/gcc/bin/../lib/gcc/arm-none-eabi/10.3.1/../../../../arm-none-eabi/lib/thumb/v6-m/nofp/libc.a(lib_a-fini.o)
                              /opt/homebrew/Cellar/arm-none-eabi-gcc/10.3-2021.07/gcc/bin/../lib/gcc/arm-none-eabi/10.3.1/../../../../arm-none-eabi/lib/thumb/v6-m/nofp/libc.a(lib_a-__call_atexit.o) (__libc_fini_array)
/opt/homebrew/Cellar/arm-none-eabi-gcc/10.3-2021.07/gcc/bin/../lib/gcc/arm-none-eabi/10.3.1/../../../../arm-none-eabi/lib/thumb/v6-m/nofp/libc.a(lib_a-lock.o)
                              /opt/homebrew/Cellar/arm-none-eabi-gcc/10.3-2021.07/gcc/bin/../lib/gcc/arm-none-eabi/10.3.1/../../../../arm-none-eabi/lib/thumb/v6-m/nofp/libc.a(lib_a-__call_atexit.o) (__retarget_lock_acquire_recursive)
/opt/homebrew/Cellar/arm-none-eabi-gcc/10.3-2021.07/gcc/bin/../lib/gcc/arm-none-eabi/10.3.1/../../../../arm-none-eabi/lib/thumb/v6-m/nofp/libc.a(lib_a-__atexit.o)
                              /opt/homebrew/Cellar/arm-none-eabi-gcc/10.3-2021.07/gcc/bin/../lib/gcc/arm-none-eabi/10.3.1/../../../../arm-none-eabi/lib/thumb/v6-m/nofp/libc.a(lib_a-atexit.o) (__register_exitproc)

Discarded input sections

 .text          0x0000000000000000        0x0 /opt/homebrew/Cellar/arm-none-eabi-gcc/10.3-2021.07/gcc/bin/../lib/gcc/arm-none-eabi/10.3.1/thumb/v6-m/nofp/crti.o
 .bss           0x0000000000000000        0x0 /opt/homebrew/Cellar/arm-none-eabi-gcc/10.3-2021.07/gcc/bin/../lib/gcc/arm-none-eabi/10.3.1/thumb/v6-m/nofp/crti.o
 .text          0x0000000000000000       0x48 /opt/homebrew/Cellar/arm-none-eabi-gcc/10.3-2021.07/gcc/bin/../lib/gcc/arm-none-eabi/10.3.1/thumb/v6-m/nofp/crtbegin.o
 .bss           0x0000000000000000       0x1c /opt/homebrew/Cellar/arm-none-eabi-gcc/10.3-2021.07/gcc/bin/../lib/gcc/arm-none-eabi/10.3.1/thumb/v6-m/nofp/crtbegin.o
 .rodata        0x0000000000000000       0x24 /opt/homebrew/Cellar/arm-none-eabi-gcc/10.3-2021.07/gcc/bin/../lib/gcc/arm-none-eabi/10.3.1/thumb/v6-m/nofp/crtbegin.o
 .init_array    0x0000000000000000        0x4 /opt/homebrew/Cellar/arm-none-eabi-gcc/10.3-2021.07/gcc/bin/../lib/gcc/arm-none-eabi/10.3.1/thumb/v6-m/nofp/crtbegin.o
 .fini_array    0x0000000000000000        0x4 /opt/homebrew/Cellar/arm-none-eabi-gcc/10.3-2021.07/gcc/bin/../lib/gcc/arm-none-eabi/10.3.1/thumb/v6-m/nofp/crtbegin.o
 .eh_frame      0x0000000000000000        0x0 /opt/homebrew/Cellar/arm-none-eabi-gcc/10.3-2021.07/gcc/bin/../lib/gcc/arm-none-eabi/10.3.1/thumb/v6-m/nofp/crtbegin.o
 .text          0x0000000000000000       0x80 /opt/homebrew/Cellar/arm-none-eabi-gcc/10.3-2021.07/gcc/bin/../lib/gcc/arm-none-eabi/10.3.1/../../../../arm-none-eabi/lib/thumb/v6-m/nofp/crt0.o
 .bss           0x0000000000000000        0x0 /opt/homebrew/Cellar/arm-none-eabi-gcc/10.3-2021.07/gcc/bin/../lib/gcc/arm-none-eabi/10.3.1/../../../../arm-none-eabi/lib/thumb/v6-m/nofp/crt0.o
 .ARM.extab     0x0000000000000000        0x0 /opt/homebrew/Cellar/arm-none-eabi-gcc/10.3-2021.07/gcc/bin/../lib/gcc/arm-none-eabi/10.3.1/../../../../arm-none-eabi/lib/thumb/v6-m/nofp/crt0.o
 .ARM.exidx     0x0000000000000000       0x10 /opt/homebrew/Cellar/arm-none-eabi-gcc/10.3-2021.07/gcc/bin/../lib/gcc/arm-none-eabi/10.3.1/../../../../arm-none-eabi/lib/thumb/v6-m/nofp/crt0.o
 .group         0x0000000000000000        0xc app_pico.o
 .group         0x0000000000000000        0xc app_pico.o
 .group         0x0000000000000000        0xc app_pico.o
 .group         0x0000000000000000        0xc app_pico.o
 .group         0x0000000000000000        0xc app_pico.o
 .group         0x0000000000000000        0xc app_pico.o
 .group         0x0000000000000000        0xc app_pico.o
 .group         0x0000000000000000        0xc app_pico.o
 .group         0x0000000000000000        0xc app_pico.o
 .group         0x0000000000000000        0xc app_pico.o
 .group         0x0000000000000000        0xc app_pico.o
 .group         0x0000000000000000        0xc app_pico.o
 .group         0x0000000000000000        0xc app_pico.o
 .group         0x0000000000000000        0xc app_pico.o
 .group         0x0000000000000000        0xc app_pico.o
 .group         0x0000000000000000        0xc app_pico.o
 .group         0x0000000000000000        0xc app_pico.o
 .group         0x0000000000000000        0xc app_pico.o
 .group         0x0000000000000000        0xc app_pico.o
 .group         0x0000000000000000        0xc app_pico.o
 .group         0x0000000000000000        0xc app_pico.o
 .group         0x0000000000000000        0xc app_pico.o
 .group         0x0000000000000000        0xc app_pico.o
 .group         0x0000000000000000        0xc app_pico.o
 .group         0x0000000000000000        0xc app_pico.o
 .group         0x0000000000000000        0xc app_pico.o
 .bss           0x0000000000000000        0x0 app_pico.o
 .group         0x0000000000000000        0xc led.o
 .group         0x0000000000000000        0xc led.o
 .group         0x0000000000000000        0xc led.o
 .group         0x0000000000000000        0xc led.o
 .group         0x0000000000000000        0xc led.o
 .text          0x0000000000000000        0x0 led.o
 .bss           0x0000000000000000        0x0 led.o
 .debug_macro   0x0000000000000000      0xa78 led.o
 .debug_macro   0x0000000000000000      0x34e led.o
 .debug_macro   0x0000000000000000       0x46 led.o
 .debug_macro   0x0000000000000000       0x1c led.o
 .debug_macro   0x0000000000000000      0x19d led.o
 .group         0x0000000000000000        0xc system.o
 .text          0x0000000000000000        0x0 system.o
 .bss           0x0000000000000000        0x0 system.o
 .debug_macro   0x0000000000000000      0xa78 system.o
 .group         0x0000000000000000        0xc timer.o
 .bss           0x0000000000000000        0x0 timer.o
 .debug_macro   0x0000000000000000      0xa78 timer.o
 .group         0x0000000000000000        0xc ../src/libwolfboot.o
 .group         0x0000000000000000        0xc ../src/libwolfboot.o
 .group         0x0000000000000000        0xc ../src/libwolfboot.o
 .group         0x0000000000000000        0xc ../src/libwolfboot.o
 .group         0x0000000000000000        0xc ../src/libwolfboot.o
 .group         0x0000000000000000        0xc ../src/libwolfboot.o
 .text          0x0000000000000000      0x764 ../src/libwolfboot.o
 .bss           0x0000000000000000        0x0 ../src/libwolfboot.o
 .rodata        0x0000000000000000        0x4 ../src/libwolfboot.o
 .debug_macro   0x0000000000000000      0xa78 ../src/libwolfboot.o
 .debug_macro   0x0000000000000000      0x34e ../src/libwolfboot.o
 .debug_macro   0x0000000000000000       0x46 ../src/libwolfboot.o
 .debug_macro   0x0000000000000000       0x1c ../src/libwolfboot.o
 .debug_macro   0x0000000000000000      0x19d ../src/libwolfboot.o
 .group         0x0000000000000000        0xc ../hal/pico.o
 .group         0x0000000000000000        0xc ../hal/pico.o
 .group         0x0000000000000000        0xc ../hal/pico.o
 .group         0x0000000000000000        0xc ../hal/pico.o
 .group         0x0000000000000000        0xc ../hal/pico.o
 .group         0x0000000000000000        0xc ../hal/pico.o
 .group         0x0000000000000000        0xc ../hal/pico.o
 .group         0x0000000000000000        0xc ../hal/pico.o
 .group         0x0000000000000000        0xc ../hal/pico.o
 .group         0x0000000000000000        0xc ../hal/pico.o
 .group         0x0000000000000000        0xc ../hal/pico.o
 .group         0x0000000000000000        0xc ../hal/pico.o
 .group         0x0000000000000000        0xc ../hal/pico.o
 .group         0x0000000000000000        0xc ../hal/pico.o
 .group         0x0000000000000000        0xc ../hal/pico.o
 .group         0x0000000000000000        0xc ../hal/pico.o
 .group         0x0000000000000000        0xc ../hal/pico.o
 .group         0x0000000000000000        0xc ../hal/pico.o
 .group         0x0000000000000000        0xc ../hal/pico.o
 .group         0x0000000000000000        0xc ../hal/pico.o
 .group         0x0000000000000000        0xc ../hal/pico.o
 .group         0x0000000000000000        0xc ../hal/pico.o
 .group         0x0000000000000000        0xc ../hal/pico.o
 .text          0x0000000000000000       0x6c ../hal/pico.o
 .bss           0x0000000000000000        0x0 ../hal/pico.o
 .debug_macro   0x0000000000000000      0xa78 ../hal/pico.o
 .debug_macro   0x0000000000000000      0x34e ../hal/pico.o
 .debug_macro   0x0000000000000000       0x22 ../hal/pico.o
 .debug_macro   0x0000000000000000       0x5e ../hal/pico.o
 .debug_macro   0x0000000000000000       0x18 ../hal/pico.o
 .debug_macro   0x0000000000000000       0x94 ../hal/pico.o
 .debug_macro   0x0000000000000000       0x35 ../hal/pico.o
 .debug_macro   0x0000000000000000       0x34 ../hal/pico.o
 .debug_macro   0x0000000000000000       0x16 ../hal/pico.o
 .debug_macro   0x0000000000000000       0x43 ../hal/pico.o
 .debug_macro   0x0000000000000000       0x57 ../hal/pico.o
 .debug_macro   0x0000000000000000       0x34 ../hal/pico.o
 .debug_macro   0x0000000000000000       0x10 ../hal/pico.o
 .debug_macro   0x0000000000000000       0x58 ../hal/pico.o
 .debug_macro   0x0000000000000000      0x182 ../hal/pico.o
 .debug_macro   0x0000000000000000      0x341 ../hal/pico.o
 .debug_macro   0x0000000000000000       0x35 ../hal/pico.o
 .debug_macro   0x0000000000000000       0x46 ../hal/pico.o
 .debug_macro   0x0000000000000000       0x1c ../hal/pico.o
 .debug_macro   0x0000000000000000      0x19d ../hal/pico.o
 .debug_macro   0x0000000000000000       0x92 ../hal/pico.o
 .group         0x0000000000000000        0xc startup_arm.o
 .debug_macro   0x0000000000000000      0xa78 startup_arm.o
 .text          0x0000000000000000        0x0 /opt/homebrew/Cellar/arm-none-eabi-gcc/10.3-2021.07/gcc/bin/../lib/gcc/arm-none-eabi/10.3.1/../../../../arm-none-eabi/lib/thumb/v6-m/nofp/libc.a(lib_a-exit.o)
 .bss           0x0000000000000000        0x0 /opt/homebrew/Cellar/arm-none-eabi-gcc/10.3-2021.07/gcc/bin/../lib/gcc/arm-none-eabi/10.3.1/../../../../arm-none-eabi/lib/thumb/v6-m/nofp/libc.a(lib_a-exit.o)
 .text.exit     0x0000000000000000       0x20 /opt/homebrew/Cellar/arm-none-eabi-gcc/10.3-2021.07/gcc/bin/../lib/gcc/arm-none-eabi/10.3.1/../../../../arm-none-eabi/lib/thumb/v6-m/nofp/libc.a(lib_a-exit.o)
 .text          0x0000000000000000        0x0 /opt/homebrew/Cellar/arm-none-eabi-gcc/10.3-2021.07/gcc/bin/../lib/gcc/arm-none-eabi/10.3.1/../../../../arm-none-eabi/lib/thumb/v6-m/nofp/libc.a(lib_a-impure.o)
 .bss           0x0000000000000000        0x0 /opt/homebrew/Cellar/arm-none-eabi-gcc/10.3-2021.07/gcc/bin/../lib/gcc/arm-none-eabi/10.3.1/../../../../arm-none-eabi/lib/thumb/v6-m/nofp/libc.a(lib_a-impure.o)
 .rodata._global_impure_ptr
                0x0000000000000000        0x4 /opt/homebrew/Cellar/arm-none-eabi-gcc/10.3-2021.07/gcc/bin/../lib/gcc/arm-none-eabi/10.3.1/../../../../arm-none-eabi/lib/thumb/v6-m/nofp/libc.a(lib_a-impure.o)
 .text          0x0000000000000000        0x0 /opt/homebrew/Cellar/arm-none-eabi-gcc/10.3-2021.07/gcc/bin/../lib/gcc/arm-none-eabi/10.3.1/../../../../arm-none-eabi/lib/thumb/v6-m/nofp/libc.a(lib_a-init.o)
 .bss           0x0000000000000000        0x0 /opt/homebrew/Cellar/arm-none-eabi-gcc/10.3-2021.07/gcc/bin/../lib/gcc/arm-none-eabi/10.3.1/../../../../arm-none-eabi/lib/thumb/v6-m/nofp/libc.a(lib_a-init.o)
 .text.__libc_init_array
                0x0000000000000000       0x44 /opt/homebrew/Cellar/arm-none-eabi-gcc/10.3-2021.07/gcc/bin/../lib/gcc/arm-none-eabi/10.3.1/../../../../arm-none-eabi/lib/thumb/v6-m/nofp/libc.a(lib_a-init.o)
 .text          0x0000000000000000        0x0 /opt/homebrew/Cellar/arm-none-eabi-gcc/10.3-2021.07/gcc/bin/../lib/gcc/arm-none-eabi/10.3.1/../../../../arm-none-eabi/lib/thumb/v6-m/nofp/libc.a(lib_a-memset.o)
 .bss           0x0000000000000000        0x0 /opt/homebrew/Cellar/arm-none-eabi-gcc/10.3-2021.07/gcc/bin/../lib/gcc/arm-none-eabi/10.3.1/../../../../arm-none-eabi/lib/thumb/v6-m/nofp/libc.a(lib_a-memset.o)
 .text.memset   0x0000000000000000       0xa8 /opt/homebrew/Cellar/arm-none-eabi-gcc/10.3-2021.07/gcc/bin/../lib/gcc/arm-none-eabi/10.3.1/../../../../arm-none-eabi/lib/thumb/v6-m/nofp/libc.a(lib_a-memset.o)
 .text          0x0000000000000000        0x0 /opt/homebrew/Cellar/arm-none-eabi-gcc/10.3-2021.07/gcc/bin/../lib/gcc/arm-none-eabi/10.3.1/../../../../arm-none-eabi/lib/thumb/v6-m/nofp/libc.a(lib_a-__call_atexit.o)
 .bss           0x0000000000000000        0x0 /opt/homebrew/Cellar/arm-none-eabi-gcc/10.3-2021.07/gcc/bin/../lib/gcc/arm-none-eabi/10.3.1/../../../../arm-none-eabi/lib/thumb/v6-m/nofp/libc.a(lib_a-__call_atexit.o)
 .text.startup.register_fini
                0x0000000000000000       0x18 /opt/homebrew/Cellar/arm-none-eabi-gcc/10.3-2021.07/gcc/bin/../lib/gcc/arm-none-eabi/10.3.1/../../../../arm-none-eabi/lib/thumb/v6-m/nofp/libc.a(lib_a-__call_atexit.o)
 .init_array.00000
                0x0000000000000000        0x4 /opt/homebrew/Cellar/arm-none-eabi-gcc/10.3-2021.07/gcc/bin/../lib/gcc/arm-none-eabi/10.3.1/../../../../arm-none-eabi/lib/thumb/v6-m/nofp/libc.a(lib_a-__call_atexit.o)
 .text.__call_exitprocs
                0x0000000000000000       0xf8 /opt/homebrew/Cellar/arm-none-eabi-gcc/10.3-2021.07/gcc/bin/../lib/gcc/arm-none-eabi/10.3.1/../../../../arm-none-eabi/lib/thumb/v6-m/nofp/libc.a(lib_a-__call_atexit.o)
 .text          0x0000000000000000        0x0 /opt/homebrew/Cellar/arm-none-eabi-gcc/10.3-2021.07/gcc/bin/../lib/gcc/arm-none-eabi/10.3.1/../../../../arm-none-eabi/lib/thumb/v6-m/nofp/libc.a(lib_a-atexit.o)
 .bss           0x0000000000000000        0x0 /opt/homebrew/Cellar/arm-none-eabi-gcc/10.3-2021.07/gcc/bin/../lib/gcc/arm-none-eabi/10.3.1/../../../../arm-none-eabi/lib/thumb/v6-m/nofp/libc.a(lib_a-atexit.o)
 .text.atexit   0x0000000000000000       0x10 /opt/homebrew/Cellar/arm-none-eabi-gcc/10.3-2021.07/gcc/bin/../lib/gcc/arm-none-eabi/10.3.1/../../../../arm-none-eabi/lib/thumb/v6-m/nofp/libc.a(lib_a-atexit.o)
 .text          0x0000000000000000        0x0 /opt/homebrew/Cellar/arm-none-eabi-gcc/10.3-2021.07/gcc/bin/../lib/gcc/arm-none-eabi/10.3.1/../../../../arm-none-eabi/lib/thumb/v6-m/nofp/libc.a(lib_a-fini.o)
 .bss           0x0000000000000000        0x0 /opt/homebrew/Cellar/arm-none-eabi-gcc/10.3-2021.07/gcc/bin/../lib/gcc/arm-none-eabi/10.3.1/../../../../arm-none-eabi/lib/thumb/v6-m/nofp/libc.a(lib_a-fini.o)
 .text.__libc_fini_array
                0x0000000000000000       0x28 /opt/homebrew/Cellar/arm-none-eabi-gcc/10.3-2021.07/gcc/bin/../lib/gcc/arm-none-eabi/10.3.1/../../../../arm-none-eabi/lib/thumb/v6-m/nofp/libc.a(lib_a-fini.o)
 .text          0x0000000000000000        0x0 /opt/homebrew/Cellar/arm-none-eabi-gcc/10.3-2021.07/gcc/bin/../lib/gcc/arm-none-eabi/10.3.1/../../../../arm-none-eabi/lib/thumb/v6-m/nofp/libc.a(lib_a-lock.o)
 .bss           0x0000000000000000        0x0 /opt/homebrew/Cellar/arm-none-eabi-gcc/10.3-2021.07/gcc/bin/../lib/gcc/arm-none-eabi/10.3.1/../../../../arm-none-eabi/lib/thumb/v6-m/nofp/libc.a(lib_a-lock.o)
 .text.__retarget_lock_init
                0x0000000000000000        0x4 /opt/homebrew/Cellar/arm-none-eabi-gcc/10.3-2021.07/gcc/bin/../lib/gcc/arm-none-eabi/10.3.1/../../../../arm-none-eabi/lib/thumb/v6-m/nofp/libc.a(lib_a-lock.o)
 .text.__retarget_lock_init_recursive
                0x0000000000000000        0x4 /opt/homebrew/Cellar/arm-none-eabi-gcc/10.3-2021.07/gcc/bin/../lib/gcc/arm-none-eabi/10.3.1/../../../../arm-none-eabi/lib/thumb/v6-m/nofp/libc.a(lib_a-lock.o)
 .text.__retarget_lock_close
                0x0000000000000000        0x4 /opt/homebrew/Cellar/arm-none-eabi-gcc/10.3-2021.07/gcc/bin/../lib/gcc/arm-none-eabi/10.3.1/../../../../arm-none-eabi/lib/thumb/v6-m/nofp/libc.a(lib_a-lock.o)
 .text.__retarget_lock_close_recursive
                0x0000000000000000        0x4 /opt/homebrew/Cellar/arm-none-eabi-gcc/10.3-2021.07/gcc/bin/../lib/gcc/arm-none-eabi/10.3.1/../../../../arm-none-eabi/lib/thumb/v6-m/nofp/libc.a(lib_a-lock.o)
 .text.__retarget_lock_acquire
                0x0000000000000000        0x4 /opt/homebrew/Cellar/arm-none-eabi-gcc/10.3-2021.07/gcc/bin/../lib/gcc/arm-none-eabi/10.3.1/../../../../arm-none-eabi/lib/thumb/v6-m/nofp/libc.a(lib_a-lock.o)
 .text.__retarget_lock_acquire_recursive
                0x0000000000000000        0x4 /opt/homebrew/Cellar/arm-none-eabi-gcc/10.3-2021.07/gcc/bin/../lib/gcc/arm-none-eabi/10.3.1/../../../../arm-none-eabi/lib/thumb/v6-m/nofp/libc.a(lib_a-lock.o)
 .text.__retarget_lock_try_acquire
                0x0000000000000000        0x4 /opt/homebrew/Cellar/arm-none-eabi-gcc/10.3-2021.07/gcc/bin/../lib/gcc/arm-none-eabi/10.3.1/../../../../arm-none-eabi/lib/thumb/v6-m/nofp/libc.a(lib_a-lock.o)
 .text.__retarget_lock_try_acquire_recursive
                0x0000000000000000        0x4 /opt/homebrew/Cellar/arm-none-eabi-gcc/10.3-2021.07/gcc/bin/../lib/gcc/arm-none-eabi/10.3.1/../../../../arm-none-eabi/lib/thumb/v6-m/nofp/libc.a(lib_a-lock.o)
 .text.__retarget_lock_release
                0x0000000000000000        0x4 /opt/homebrew/Cellar/arm-none-eabi-gcc/10.3-2021.07/gcc/bin/../lib/gcc/arm-none-eabi/10.3.1/../../../../arm-none-eabi/lib/thumb/v6-m/nofp/libc.a(lib_a-lock.o)
 .text.__retarget_lock_release_recursive
                0x0000000000000000        0x4 /opt/homebrew/Cellar/arm-none-eabi-gcc/10.3-2021.07/gcc/bin/../lib/gcc/arm-none-eabi/10.3.1/../../../../arm-none-eabi/lib/thumb/v6-m/nofp/libc.a(lib_a-lock.o)
 .bss.__lock___arc4random_mutex
                0x0000000000000000        0x1 /opt/homebrew/Cellar/arm-none-eabi-gcc/10.3-2021.07/gcc/bin/../lib/gcc/arm-none-eabi/10.3.1/../../../../arm-none-eabi/lib/thumb/v6-m/nofp/libc.a(lib_a-lock.o)
 .bss.__lock___at_quick_exit_mutex
                0x0000000000000000        0x1 /opt/homebrew/Cellar/arm-none-eabi-gcc/10.3-2021.07/gcc/bin/../lib/gcc/arm-none-eabi/10.3.1/../../../../arm-none-eabi/lib/thumb/v6-m/nofp/libc.a(lib_a-lock.o)
 .bss.__lock___dd_hash_mutex
                0x0000000000000000        0x1 /opt/homebrew/Cellar/arm-none-eabi-gcc/10.3-2021.07/gcc/bin/../lib/gcc/arm-none-eabi/10.3.1/../../../../arm-none-eabi/lib/thumb/v6-m/nofp/libc.a(lib_a-lock.o)
 .bss.__lock___env_recursive_mutex
                0x0000000000000000        0x1 /opt/homebrew/Cellar/arm-none-eabi-gcc/10.3-2021.07/gcc/bin/../lib/gcc/arm-none-eabi/10.3.1/../../../../arm-none-eabi/lib/thumb/v6-m/nofp/libc.a(lib_a-lock.o)
 .bss.__lock___malloc_recursive_mutex
                0x0000000000000000        0x1 /opt/homebrew/Cellar/arm-none-eabi-gcc/10.3-2021.07/gcc/bin/../lib/gcc/arm-none-eabi/10.3.1/../../../../arm-none-eabi/lib/thumb/v6-m/nofp/libc.a(lib_a-lock.o)
 .bss.__lock___sfp_recursive_mutex
                0x0000000000000000        0x1 /opt/homebrew/Cellar/arm-none-eabi-gcc/10.3-2021.07/gcc/bin/../lib/gcc/arm-none-eabi/10.3.1/../../../../arm-none-eabi/lib/thumb/v6-m/nofp/libc.a(lib_a-lock.o)
 .bss.__lock___sinit_recursive_mutex
                0x0000000000000000        0x1 /opt/homebrew/Cellar/arm-none-eabi-gcc/10.3-2021.07/gcc/bin/../lib/gcc/arm-none-eabi/10.3.1/../../../../arm-none-eabi/lib/thumb/v6-m/nofp/libc.a(lib_a-lock.o)
 .bss.__lock___tz_mutex
                0x0000000000000000        0x1 /opt/homebrew/Cellar/arm-none-eabi-gcc/10.3-2021.07/gcc/bin/../lib/gcc/arm-none-eabi/10.3.1/../../../../arm-none-eabi/lib/thumb/v6-m/nofp/libc.a(lib_a-lock.o)
 .text          0x0000000000000000        0x0 /opt/homebrew/Cellar/arm-none-eabi-gcc/10.3-2021.07/gcc/bin/../lib/gcc/arm-none-eabi/10.3.1/../../../../arm-none-eabi/lib/thumb/v6-m/nofp/libc.a(lib_a-__atexit.o)
 .bss           0x0000000000000000        0x0 /opt/homebrew/Cellar/arm-none-eabi-gcc/10.3-2021.07/gcc/bin/../lib/gcc/arm-none-eabi/10.3.1/../../../../arm-none-eabi/lib/thumb/v6-m/nofp/libc.a(lib_a-__atexit.o)
 .text.__register_exitproc
                0x0000000000000000       0xac /opt/homebrew/Cellar/arm-none-eabi-gcc/10.3-2021.07/gcc/bin/../lib/gcc/arm-none-eabi/10.3.1/../../../../arm-none-eabi/lib/thumb/v6-m/nofp/libc.a(lib_a-__atexit.o)
 .text          0x0000000000000000        0x0 /opt/homebrew/Cellar/arm-none-eabi-gcc/10.3-2021.07/gcc/bin/../lib/gcc/arm-none-eabi/10.3.1/thumb/v6-m/nofp/crtend.o
 .bss           0x0000000000000000        0x0 /opt/homebrew/Cellar/arm-none-eabi-gcc/10.3-2021.07/gcc/bin/../lib/gcc/arm-none-eabi/10.3.1/thumb/v6-m/nofp/crtend.o
 .rodata        0x0000000000000000       0x24 /opt/homebrew/Cellar/arm-none-eabi-gcc/10.3-2021.07/gcc/bin/../lib/gcc/arm-none-eabi/10.3.1/thumb/v6-m/nofp/crtend.o
 .eh_frame      0x0000000000000000        0x4 /opt/homebrew/Cellar/arm-none-eabi-gcc/10.3-2021.07/gcc/bin/../lib/gcc/arm-none-eabi/10.3.1/thumb/v6-m/nofp/crtend.o
 .text          0x0000000000000000        0x0 /opt/homebrew/Cellar/arm-none-eabi-gcc/10.3-2021.07/gcc/bin/../lib/gcc/arm-none-eabi/10.3.1/thumb/v6-m/nofp/crtn.o
 .bss           0x0000000000000000        0x0 /opt/homebrew/Cellar/arm-none-eabi-gcc/10.3-2021.07/gcc/bin/../lib/gcc/arm-none-eabi/10.3.1/thumb/v6-m/nofp/crtn.o
 .init          0x0000000000000000        0x8 /opt/homebrew/Cellar/arm-none-eabi-gcc/10.3-2021.07/gcc/bin/../lib/gcc/arm-none-eabi/10.3.1/thumb/v6-m/nofp/crtn.o
 .fini          0x0000000000000000        0x8 /opt/homebrew/Cellar/arm-none-eabi-gcc/10.3-2021.07/gcc/bin/../lib/gcc/arm-none-eabi/10.3.1/thumb/v6-m/nofp/crtn.o

Memory Configuration

Name             Origin             Length             Attributes
FLASH            0x000000001000fb00 0x000000000005ff00 xr
RAM              0x0000000020000000 0x0000000000004000 xrw
*default*        0x0000000000000000 0xffffffffffffffff

Linker script and memory map

LOAD /opt/homebrew/Cellar/arm-none-eabi-gcc/10.3-2021.07/gcc/bin/../lib/gcc/arm-none-eabi/10.3.1/thumb/v6-m/nofp/crti.o
LOAD /opt/homebrew/Cellar/arm-none-eabi-gcc/10.3-2021.07/gcc/bin/../lib/gcc/arm-none-eabi/10.3.1/thumb/v6-m/nofp/crtbegin.o
LOAD /opt/homebrew/Cellar/arm-none-eabi-gcc/10.3-2021.07/gcc/bin/../lib/gcc/arm-none-eabi/10.3.1/../../../../arm-none-eabi/lib/thumb/v6-m/nofp/crt0.o
LOAD app_pico.o
LOAD led.o
LOAD system.o
LOAD timer.o
LOAD ../src/libwolfboot.o
LOAD ../hal/pico.o
LOAD startup_arm.o
START GROUP
LOAD /opt/homebrew/Cellar/arm-none-eabi-gcc/10.3-2021.07/gcc/bin/../lib/gcc/arm-none-eabi/10.3.1/thumb/v6-m/nofp/libgcc.a
LOAD /opt/homebrew/Cellar/arm-none-eabi-gcc/10.3-2021.07/gcc/bin/../lib/gcc/arm-none-eabi/10.3.1/../../../../arm-none-eabi/lib/thumb/v6-m/nofp/libc.a
END GROUP
LOAD /opt/homebrew/Cellar/arm-none-eabi-gcc/10.3-2021.07/gcc/bin/../lib/gcc/arm-none-eabi/10.3.1/thumb/v6-m/nofp/crtend.o
LOAD /opt/homebrew/Cellar/arm-none-eabi-gcc/10.3-2021.07/gcc/bin/../lib/gcc/arm-none-eabi/10.3.1/thumb/v6-m/nofp/crtn.o

.text           0x000000001000fb00      0x1cc
                0x000000001000fb00                _start_text = .
 *(.isr_vector)
 .isr_vector    0x000000001000fb00      0x100 startup_arm.o
                0x000000001000fb00                IV
 *(.init)
 .init          0x000000001000fc00        0x4 /opt/homebrew/Cellar/arm-none-eabi-gcc/10.3-2021.07/gcc/bin/../lib/gcc/arm-none-eabi/10.3.1/thumb/v6-m/nofp/crti.o
                0x000000001000fc00                _init
 *(.fini)
 .fini          0x000000001000fc04        0x4 /opt/homebrew/Cellar/arm-none-eabi-gcc/10.3-2021.07/gcc/bin/../lib/gcc/arm-none-eabi/10.3.1/thumb/v6-m/nofp/crti.o
                0x000000001000fc04                _fini
 *(.text*)
 .text          0x000000001000fc08        0xc app_pico.o
                0x000000001000fc08                main
 .text          0x000000001000fc14        0xa timer.o
                0x000000001000fc14                isr_tim2
 *fill*         0x000000001000fc1e        0x2 
 .text          0x000000001000fc20       0xac startup_arm.o
                0x000000001000fc20                isr_reset
                0x000000001000fca8                isr_fault
                0x000000001000fcae                isr_memfault
                0x000000001000fcb4                isr_busfault
                0x000000001000fcba                isr_usagefault
                0x000000001000fcc0                isr_empty
 *(.rodata*)
                0x000000001000fccc                . = ALIGN (0x4)
                0x000000001000fccc                _end_text = .
                0x000000001000fccc                _stored_data = .

.glue_7         0x000000001000fccc        0x0
 .glue_7        0x000000001000fccc        0x0 linker stubs

.glue_7t        0x000000001000fccc        0x0
 .glue_7t       0x000000001000fccc        0x0 linker stubs

.vfp11_veneer   0x000000001000fccc        0x0
 .vfp11_veneer  0x000000001000fccc        0x0 linker stubs

.v4_bx          0x000000001000fccc        0x0
 .v4_bx         0x000000001000fccc        0x0 linker stubs

.iplt           0x000000001000fccc        0x0
 .iplt          0x000000001000fccc        0x0 startup_arm.o

.rel.dyn        0x000000001000fccc        0x0
 .rel.iplt      0x000000001000fccc        0x0 startup_arm.o

.data           0x0000000020000000      0x434 load address 0x000000001000fccc
                0x0000000020000000                _start_data = .
 *(.data*)
 .data          0x0000000020000000        0x0 /opt/homebrew/Cellar/arm-none-eabi-gcc/10.3-2021.07/gcc/bin/../lib/gcc/arm-none-eabi/10.3.1/thumb/v6-m/nofp/crti.o
 .data          0x0000000020000000        0x4 /opt/homebrew/Cellar/arm-none-eabi-gcc/10.3-2021.07/gcc/bin/../lib/gcc/arm-none-eabi/10.3.1/thumb/v6-m/nofp/crtbegin.o
                0x0000000020000000                __dso_handle
 .data          0x0000000020000004        0x0 /opt/homebrew/Cellar/arm-none-eabi-gcc/10.3-2021.07/gcc/bin/../lib/gcc/arm-none-eabi/10.3.1/../../../../arm-none-eabi/lib/thumb/v6-m/nofp/crt0.o
 .data          0x0000000020000004        0x0 app_pico.o
 .data          0x0000000020000004        0x0 led.o
 .data          0x0000000020000004        0x0 system.o
 .data          0x0000000020000004        0x0 timer.o
 .data          0x0000000020000004        0x0 ../src/libwolfboot.o
 .data          0x0000000020000004        0x0 ../hal/pico.o
 .data          0x0000000020000004        0x0 startup_arm.o
 .data          0x0000000020000004        0x0 /opt/homebrew/Cellar/arm-none-eabi-gcc/10.3-2021.07/gcc/bin/../lib/gcc/arm-none-eabi/10.3.1/../../../../arm-none-eabi/lib/thumb/v6-m/nofp/libc.a(lib_a-exit.o)
 .data          0x0000000020000004        0x0 /opt/homebrew/Cellar/arm-none-eabi-gcc/10.3-2021.07/gcc/bin/../lib/gcc/arm-none-eabi/10.3.1/../../../../arm-none-eabi/lib/thumb/v6-m/nofp/libc.a(lib_a-impure.o)
 .data._impure_ptr
                0x0000000020000004        0x4 /opt/homebrew/Cellar/arm-none-eabi-gcc/10.3-2021.07/gcc/bin/../lib/gcc/arm-none-eabi/10.3.1/../../../../arm-none-eabi/lib/thumb/v6-m/nofp/libc.a(lib_a-impure.o)
                0x0000000020000004                _impure_ptr
 .data.impure_data
                0x0000000020000008      0x428 /opt/homebrew/Cellar/arm-none-eabi-gcc/10.3-2021.07/gcc/bin/../lib/gcc/arm-none-eabi/10.3.1/../../../../arm-none-eabi/lib/thumb/v6-m/nofp/libc.a(lib_a-impure.o)
 .data          0x0000000020000430        0x0 /opt/homebrew/Cellar/arm-none-eabi-gcc/10.3-2021.07/gcc/bin/../lib/gcc/arm-none-eabi/10.3.1/../../../../arm-none-eabi/lib/thumb/v6-m/nofp/libc.a(lib_a-init.o)
 .data          0x0000000020000430        0x0 /opt/homebrew/Cellar/arm-none-eabi-gcc/10.3-2021.07/gcc/bin/../lib/gcc/arm-none-eabi/10.3.1/../../../../arm-none-eabi/lib/thumb/v6-m/nofp/libc.a(lib_a-memset.o)
 .data          0x0000000020000430        0x0 /opt/homebrew/Cellar/arm-none-eabi-gcc/10.3-2021.07/gcc/bin/../lib/gcc/arm-none-eabi/10.3.1/../../../../arm-none-eabi/lib/thumb/v6-m/nofp/libc.a(lib_a-__call_atexit.o)
 .data.__atexit_recursive_mutex
                0x0000000020000430        0x4 /opt/homebrew/Cellar/arm-none-eabi-gcc/10.3-2021.07/gcc/bin/../lib/gcc/arm-none-eabi/10.3.1/../../../../arm-none-eabi/lib/thumb/v6-m/nofp/libc.a(lib_a-__call_atexit.o)
                0x0000000020000430                __atexit_recursive_mutex
 .data          0x0000000020000434        0x0 /opt/homebrew/Cellar/arm-none-eabi-gcc/10.3-2021.07/gcc/bin/../lib/gcc/arm-none-eabi/10.3.1/../../../../arm-none-eabi/lib/thumb/v6-m/nofp/libc.a(lib_a-atexit.o)
 .data          0x0000000020000434        0x0 /opt/homebrew/Cellar/arm-none-eabi-gcc/10.3-2021.07/gcc/bin/../lib/gcc/arm-none-eabi/10.3.1/../../../../arm-none-eabi/lib/thumb/v6-m/nofp/libc.a(lib_a-fini.o)
 .data          0x0000000020000434        0x0 /opt/homebrew/Cellar/arm-none-eabi-gcc/10.3-2021.07/gcc/bin/../lib/gcc/arm-none-eabi/10.3.1/../../../../arm-none-eabi/lib/thumb/v6-m/nofp/libc.a(lib_a-lock.o)
 .data          0x0000000020000434        0x0 /opt/homebrew/Cellar/arm-none-eabi-gcc/10.3-2021.07/gcc/bin/../lib/gcc/arm-none-eabi/10.3.1/../../../../arm-none-eabi/lib/thumb/v6-m/nofp/libc.a(lib_a-__atexit.o)
 .data          0x0000000020000434        0x0 /opt/homebrew/Cellar/arm-none-eabi-gcc/10.3-2021.07/gcc/bin/../lib/gcc/arm-none-eabi/10.3.1/thumb/v6-m/nofp/crtend.o
 .data          0x0000000020000434        0x0 /opt/homebrew/Cellar/arm-none-eabi-gcc/10.3-2021.07/gcc/bin/../lib/gcc/arm-none-eabi/10.3.1/thumb/v6-m/nofp/crtn.o
                0x0000000020000434                . = ALIGN (0x4)
 *(.ramcode)
                0x0000000020000434                . = ALIGN (0x4)
                0x0000000020000434                _end_data = .

.igot.plt       0x0000000020000434        0x0 load address 0x0000000010010100
 .igot.plt      0x0000000020000434        0x0 startup_arm.o

.bss            0x0000000020000434        0xc load address 0x0000000010010100
                0x0000000020000434                _start_bss = .
 *(.bss*)
 .bss           0x0000000020000434        0x8 startup_arm.o
 .bss.__lock___atexit_recursive_mutex
                0x000000002000043c        0x1 /opt/homebrew/Cellar/arm-none-eabi-gcc/10.3-2021.07/gcc/bin/../lib/gcc/arm-none-eabi/10.3.1/../../../../arm-none-eabi/lib/thumb/v6-m/nofp/libc.a(lib_a-lock.o)
                0x000000002000043c                __lock___atexit_recursive_mutex
 *(COMMON)
                0x0000000020000440                . = ALIGN (0x4)
 *fill*         0x000000002000043d        0x3 
                0x0000000020000440                _end_bss = .
                0x0000000020000440                _end = .
                0x0000000020000440                PROVIDE (_start_heap = _end)
                0x0000000020004000                PROVIDE (_end_stack = (ORIGIN (RAM) + LENGTH (RAM)))
OUTPUT(image.elf elf32-littlearm)
LOAD linker stubs

.ARM.attributes
                0x0000000000000000       0x28
 .ARM.attributes
                0x0000000000000000       0x1e /opt/homebrew/Cellar/arm-none-eabi-gcc/10.3-2021.07/gcc/bin/../lib/gcc/arm-none-eabi/10.3.1/thumb/v6-m/nofp/crti.o
 .ARM.attributes
                0x000000000000001e       0x2c /opt/homebrew/Cellar/arm-none-eabi-gcc/10.3-2021.07/gcc/bin/../lib/gcc/arm-none-eabi/10.3.1/thumb/v6-m/nofp/crtbegin.o
 .ARM.attributes
                0x000000000000004a       0x1b /opt/homebrew/Cellar/arm-none-eabi-gcc/10.3-2021.07/gcc/bin/../lib/gcc/arm-none-eabi/10.3.1/../../../../arm-none-eabi/lib/thumb/v6-m/nofp/crt0.o
 .ARM.attributes
                0x0000000000000065       0x2c app_pico.o
 .ARM.attributes
                0x0000000000000091       0x31 led.o
 .ARM.attributes
                0x00000000000000c2       0x31 system.o
 .ARM.attributes
                0x00000000000000f3       0x2c timer.o
 .ARM.attributes
                0x000000000000011f       0x2c ../src/libwolfboot.o
 .ARM.attributes
                0x000000000000014b       0x2c ../hal/pico.o
 .ARM.attributes
                0x0000000000000177       0x2c startup_arm.o
 .ARM.attributes
                0x00000000000001a3       0x2c /opt/homebrew/Cellar/arm-none-eabi-gcc/10.3-2021.07/gcc/bin/../lib/gcc/arm-none-eabi/10.3.1/../../../../arm-none-eabi/lib/thumb/v6-m/nofp/libc.a(lib_a-exit.o)
 .ARM.attributes
                0x00000000000001cf       0x2c /opt/homebrew/Cellar/arm-none-eabi-gcc/10.3-2021.07/gcc/bin/../lib/gcc/arm-none-eabi/10.3.1/../../../../arm-none-eabi/lib/thumb/v6-m/nofp/libc.a(lib_a-impure.o)
 .ARM.attributes
                0x00000000000001fb       0x2c /opt/homebrew/Cellar/arm-none-eabi-gcc/10.3-2021.07/gcc/bin/../lib/gcc/arm-none-eabi/10.3.1/../../../../arm-none-eabi/lib/thumb/v6-m/nofp/libc.a(lib_a-init.o)
 .ARM.attributes
                0x0000000000000227       0x2c /opt/homebrew/Cellar/arm-none-eabi-gcc/10.3-2021.07/gcc/bin/../lib/gcc/arm-none-eabi/10.3.1/../../../../arm-none-eabi/lib/thumb/v6-m/nofp/libc.a(lib_a-memset.o)
 .ARM.attributes
                0x0000000000000253       0x2c /opt/homebrew/Cellar/arm-none-eabi-gcc/10.3-2021.07/gcc/bin/../lib/gcc/arm-none-eabi/10.3.1/../../../../arm-none-eabi/lib/thumb/v6-m/nofp/libc.a(lib_a-__call_atexit.o)
 .ARM.attributes
                0x000000000000027f       0x2c /opt/homebrew/Cellar/arm-none-eabi-gcc/10.3-2021.07/gcc/bin/../lib/gcc/arm-none-eabi/10.3.1/../../../../arm-none-eabi/lib/thumb/v6-m/nofp/libc.a(lib_a-atexit.o)
 .ARM.attributes
                0x00000000000002ab       0x2c /opt/homebrew/Cellar/arm-none-eabi-gcc/10.3-2021.07/gcc/bin/../lib/gcc/arm-none-eabi/10.3.1/../../../../arm-none-eabi/lib/thumb/v6-m/nofp/libc.a(lib_a-fini.o)
 .ARM.attributes
                0x00000000000002d7       0x2c /opt/homebrew/Cellar/arm-none-eabi-gcc/10.3-2021.07/gcc/bin/../lib/gcc/arm-none-eabi/10.3.1/../../../../arm-none-eabi/lib/thumb/v6-m/nofp/libc.a(lib_a-lock.o)
 .ARM.attributes
                0x0000000000000303       0x2c /opt/homebrew/Cellar/arm-none-eabi-gcc/10.3-2021.07/gcc/bin/../lib/gcc/arm-none-eabi/10.3.1/../../../../arm-none-eabi/lib/thumb/v6-m/nofp/libc.a(lib_a-__atexit.o)
 .ARM.attributes
                0x000000000000032f       0x2c /opt/homebrew/Cellar/arm-none-eabi-gcc/10.3-2021.07/gcc/bin/../lib/gcc/arm-none-eabi/10.3.1/thumb/v6-m/nofp/crtend.o
 .ARM.attributes
                0x000000000000035b       0x1e /opt/homebrew/Cellar/arm-none-eabi-gcc/10.3-2021.07/gcc/bin/../lib/gcc/arm-none-eabi/10.3.1/thumb/v6-m/nofp/crtn.o

.comment        0x0000000000000000       0x49
 .comment       0x0000000000000000       0x49 app_pico.o
                                         0x4a (size before relaxing)
 .comment       0x0000000000000049       0x4a led.o
 .comment       0x0000000000000049       0x4a system.o
 .comment       0x0000000000000049       0x4a timer.o
 .comment       0x0000000000000049       0x4a ../src/libwolfboot.o
 .comment       0x0000000000000049       0x4a ../hal/pico.o
 .comment       0x0000000000000049       0x4a startup_arm.o

.debug_info     0x0000000000000000      0xce6
 .debug_info    0x0000000000000000       0x94 app_pico.o
 .debug_info    0x0000000000000094       0x68 led.o
 .debug_info    0x00000000000000fc       0x21 system.o
 .debug_info    0x000000000000011d       0x3c timer.o
 .debug_info    0x0000000000000159      0x7e7 ../src/libwolfboot.o
 .debug_info    0x0000000000000940      0x234 ../hal/pico.o
 .debug_info    0x0000000000000b74      0x172 startup_arm.o

.debug_abbrev   0x0000000000000000      0x493
 .debug_abbrev  0x0000000000000000       0x47 app_pico.o
 .debug_abbrev  0x0000000000000047       0x29 led.o
 .debug_abbrev  0x0000000000000070       0x13 system.o
 .debug_abbrev  0x0000000000000083       0x31 timer.o
 .debug_abbrev  0x00000000000000b4      0x1f4 ../src/libwolfboot.o
 .debug_abbrev  0x00000000000002a8      0x11b ../hal/pico.o
 .debug_abbrev  0x00000000000003c3       0xd0 startup_arm.o

.debug_aranges  0x0000000000000000       0xd0
 .debug_aranges
                0x0000000000000000       0x20 app_pico.o
 .debug_aranges
                0x0000000000000020       0x18 led.o
 .debug_aranges
                0x0000000000000038       0x18 system.o
 .debug_aranges
                0x0000000000000050       0x20 timer.o
 .debug_aranges
                0x0000000000000070       0x20 ../src/libwolfboot.o
 .debug_aranges
                0x0000000000000090       0x20 ../hal/pico.o
 .debug_aranges
                0x00000000000000b0       0x20 startup_arm.o

.debug_macro    0x0000000000000000     0x1f7f
 .debug_macro   0x0000000000000000      0x153 app_pico.o
 .debug_macro   0x0000000000000153      0xa78 app_pico.o
 .debug_macro   0x0000000000000bcb       0x18 app_pico.o
 .debug_macro   0x0000000000000be3       0x22 app_pico.o
 .debug_macro   0x0000000000000c05       0x5e app_pico.o
 .debug_macro   0x0000000000000c63       0x94 app_pico.o
 .debug_macro   0x0000000000000cf7       0x35 app_pico.o
 .debug_macro   0x0000000000000d2c       0x34 app_pico.o
 .debug_macro   0x0000000000000d60       0x16 app_pico.o
 .debug_macro   0x0000000000000d76      0x10e app_pico.o
 .debug_macro   0x0000000000000e84       0x8d app_pico.o
 .debug_macro   0x0000000000000f11       0x16 app_pico.o
 .debug_macro   0x0000000000000f27       0x43 app_pico.o
 .debug_macro   0x0000000000000f6a       0x57 app_pico.o
 .debug_macro   0x0000000000000fc1       0x34 app_pico.o
 .debug_macro   0x0000000000000ff5       0x10 app_pico.o
 .debug_macro   0x0000000000001005       0x58 app_pico.o
 .debug_macro   0x000000000000105d      0x182 app_pico.o
 .debug_macro   0x00000000000011df      0x341 app_pico.o
 .debug_macro   0x0000000000001520       0x16 app_pico.o
 .debug_macro   0x0000000000001536       0x29 app_pico.o
 .debug_macro   0x000000000000155f      0x34e app_pico.o
 .debug_macro   0x00000000000018ad       0x16 app_pico.o
 .debug_macro   0x00000000000018c3       0x35 app_pico.o
 .debug_macro   0x00000000000018f8       0x46 app_pico.o
 .debug_macro   0x000000000000193e       0x1c app_pico.o
 .debug_macro   0x000000000000195a      0x19d app_pico.o
 .debug_macro   0x0000000000001af7       0x45 led.o
 .debug_macro   0x0000000000001b3c       0x11 system.o
 .debug_macro   0x0000000000001b4d       0x11 timer.o
 .debug_macro   0x0000000000001b5e       0xbc ../src/libwolfboot.o
 .debug_macro   0x0000000000001c1a       0x92 ../src/libwolfboot.o
 .debug_macro   0x0000000000001cac      0x138 ../hal/pico.o
 .debug_macro   0x0000000000001de4      0x174 ../hal/pico.o
 .debug_macro   0x0000000000001f58       0x10 ../hal/pico.o
 .debug_macro   0x0000000000001f68       0x17 startup_arm.o

.debug_line     0x0000000000000000      0xbd0
 .debug_line    0x0000000000000000      0x2f5 app_pico.o
 .debug_line    0x00000000000002f5       0xe5 led.o
 .debug_line    0x00000000000003da       0x29 system.o
 .debug_line    0x0000000000000403       0x3b timer.o
 .debug_line    0x000000000000043e      0x3e1 ../src/libwolfboot.o
 .debug_line    0x000000000000081f      0x302 ../hal/pico.o
 .debug_line    0x0000000000000b21       0xaf startup_arm.o

.debug_str      0x0000000000000000     0x7995
 .debug_str     0x0000000000000000     0x6e5e app_pico.o
                                       0x704c (size before relaxing)
 .debug_str     0x0000000000006e5e        0x6 led.o
                                       0x40c6 (size before relaxing)
 .debug_str     0x0000000000006e64        0x9 system.o
                                       0x2c87 (size before relaxing)
 .debug_str     0x0000000000006e6d       0x11 timer.o
                                       0x2c8f (size before relaxing)
 .debug_str     0x0000000000006e7e      0x9f1 ../src/libwolfboot.o
                                       0x4b20 (size before relaxing)
 .debug_str     0x000000000000786f       0x68 ../hal/pico.o
                                       0x74c0 (size before relaxing)
 .debug_str     0x00000000000078d7       0xbe startup_arm.o
                                       0x2d49 (size before relaxing)

.debug_frame    0x0000000000000000      0x75c
 .debug_frame   0x0000000000000000       0x2c app_pico.o
 .debug_frame   0x000000000000002c       0x2c timer.o
 .debug_frame   0x0000000000000058      0x350 ../src/libwolfboot.o
 .debug_frame   0x00000000000003a8       0xe0 ../hal/pico.o
 .debug_frame   0x0000000000000488       0xbc startup_arm.o
 .debug_frame   0x0000000000000544       0x28 /opt/homebrew/Cellar/arm-none-eabi-gcc/10.3-2021.07/gcc/bin/../lib/gcc/arm-none-eabi/10.3.1/../../../../arm-none-eabi/lib/thumb/v6-m/nofp/libc.a(lib_a-exit.o)
 .debug_frame   0x000000000000056c       0x2c /opt/homebrew/Cellar/arm-none-eabi-gcc/10.3-2021.07/gcc/bin/../lib/gcc/arm-none-eabi/10.3.1/../../../../arm-none-eabi/lib/thumb/v6-m/nofp/libc.a(lib_a-init.o)
 .debug_frame   0x0000000000000598       0x30 /opt/homebrew/Cellar/arm-none-eabi-gcc/10.3-2021.07/gcc/bin/../lib/gcc/arm-none-eabi/10.3.1/../../../../arm-none-eabi/lib/thumb/v6-m/nofp/libc.a(lib_a-memset.o)
 .debug_frame   0x00000000000005c8       0x54 /opt/homebrew/Cellar/arm-none-eabi-gcc/10.3-2021.07/gcc/bin/../lib/gcc/arm-none-eabi/10.3.1/../../../../arm-none-eabi/lib/thumb/v6-m/nofp/libc.a(lib_a-__call_atexit.o)
 .debug_frame   0x000000000000061c       0x28 /opt/homebrew/Cellar/arm-none-eabi-gcc/10.3-2021.07/gcc/bin/../lib/gcc/arm-none-eabi/10.3.1/../../../../arm-none-eabi/lib/thumb/v6-m/nofp/libc.a(lib_a-atexit.o)
 .debug_frame   0x0000000000000644       0x2c /opt/homebrew/Cellar/arm-none-eabi-gcc/10.3-2021.07/gcc/bin/../lib/gcc/arm-none-eabi/10.3.1/../../../../arm-none-eabi/lib/thumb/v6-m/nofp/libc.a(lib_a-fini.o)
 .debug_frame   0x0000000000000670       0xb0 /opt/homebrew/Cellar/arm-none-eabi-gcc/10.3-2021.07/gcc/bin/../lib/gcc/arm-none-eabi/10.3.1/../../../../arm-none-eabi/lib/thumb/v6-m/nofp/libc.a(lib_a-lock.o)
 .debug_frame   0x0000000000000720       0x3c /opt/homebrew/Cellar/arm-none-eabi-gcc/10.3-2021.07/gcc/bin/../lib/gcc/arm-none-eabi/10.3.1/../../../../arm-none-eabi/lib/thumb/v6-m/nofp/libc.a(lib_a-__atexit.o)
